[      94ms] [ERROR] Failed to load resource: the server responded with a status of 404 (Not Found) @ http://localhost:8597/ipo_detail/_stcore/health:0
[      94ms] [ERROR] Failed to load resource: the server responded with a status of 404 (Not Found) @ http://localhost:8597/ipo_detail/_stcore/host-config:0
[     458ms] [WARNING] WARN Scale bindings are currently only supported for scales with unbinned, continuous domains. @ http://localhost:8597/static/js/embed.B-c_4G7P.js:0
[     459ms] [WARNING] WARN Dropping "fit-x" because spec has discrete width. @ http://localhost:8597/static/js/embed.B-c_4G7P.js:0
[     465ms] [WARNING] WARN Infinite extent for field "count_start": [Infinity, -Infinity] @ http://localhost:8597/static/js/embed.B-c_4G7P.js:0
[     465ms] [WARNING] WARN Infinite extent for field "count_end": [Infinity, -Infinity] @ http://localhost:8597/static/js/embed.B-c_4G7P.js:0
[     472ms] [WARNING] WARN Infinite extent for field "date": [Infinity, -Infinity] @ http://localhost:8597/static/js/embed.B-c_4G7P.js:0
[     472ms] [WARNING] WARN Infinite extent for field "close": [Infinity, -Infinity] @ http://localhost:8597/static/js/embed.B-c_4G7P.js:0
[     472ms] [WARNING] WARN Infinite extent for field "y": [Infinity, -Infinity] @ http://localhost:8597/static/js/embed.B-c_4G7P.js:0
[     472ms] [WARNING] WARN Infinite extent for field "y": [Infinity, -Infinity] @ http://localhost:8597/static/js/embed.B-c_4G7P.js:0
[     492ms] [WARNING] WARN Scale bindings are currently only supported for scales with unbinned, continuous domains. @ http://localhost:8597/static/js/embed.B-c_4G7P.js:0
[     495ms] [WARNING] WARN Infinite extent for field "count_start": [Infinity, -Infinity] @ http://localhost:8597/static/js/embed.B-c_4G7P.js:0
[     495ms] [WARNING] WARN Infinite extent for field "count_end": [Infinity, -Infinity] @ http://localhost:8597/static/js/embed.B-c_4G7P.js:0
[     498ms] [WARNING] WARN Infinite extent for field "date": [Infinity, -Infinity] @ http://localhost:8597/static/js/embed.B-c_4G7P.js:0
[     498ms] [WARNING] WARN Infinite extent for field "close": [Infinity, -Infinity] @ http://localhost:8597/static/js/embed.B-c_4G7P.js:0
[     498ms] [WARNING] WARN Infinite extent for field "y": [Infinity, -Infinity] @ http://localhost:8597/static/js/embed.B-c_4G7P.js:0
[     498ms] [WARNING] WARN Infinite extent for field "y": [Infinity, -Infinity] @ http://localhost:8597/static/js/embed.B-c_4G7P.js:0
[     519ms] [WARNING] WARN Infinite extent for field "date": [Infinity, -Infinity] @ http://localhost:8597/static/js/embed.B-c_4G7P.js:0
[     519ms] [WARNING] WARN Infinite extent for field "close": [Infinity, -Infinity] @ http://localhost:8597/static/js/embed.B-c_4G7P.js:0
[     519ms] [WARNING] WARN Infinite extent for field "y": [Infinity, -Infinity] @ http://localhost:8597/static/js/embed.B-c_4G7P.js:0
[     519ms] [WARNING] WARN Infinite extent for field "y": [Infinity, -Infinity] @ http://localhost:8597/static/js/embed.B-c_4G7P.js:0
